table inet kuport {
	chain kup-pre {
		type nat hook prerouting priority dstnat - 20; policy accept;
		meta nfproto ipv4 iifname "enp1s0" udp dport 27015-27115 counter dnat ip to 10.244.18.107:27015-27115
		meta nfproto ipv4 iifname "wt0" udp dport 27015-27115 counter dnat ip to 10.244.18.107:27015-27115
	}
	chain kup-post {
		type nat hook postrouting priority srcnat - 10; policy accept;
		oifname "cilium_host" ip daddr 10.244.18.107 udp dport 27015-27115 counter snat ip to ip saddr
	}
	chain kup-mangle {
		type filter hook prerouting priority mangle + 10; policy accept;
	}
}
